Supertonic HTTP server running on :7788
Endpoints: POST /v1/audio/speech, POST /v1/tts, GET /health
[Supertonic] GET /health HTTP/1.1
[Supertonic] GET /health HTTP/1.1
[Supertonic] GET /health HTTP/1.1
[Supertonic] POST /v1/audio/speech HTTP/1.1
TTS: synthesized 4 chars -> 1.39s audio
[Supertonic] POST /v1/audio/speech HTTP/1.1
TTS: synthesized 14 chars -> 3.95s audio
[Supertonic] GET /health HTTP/1.1
[Supertonic] GET /health HTTP/1.1
[Supertonic] GET /health HTTP/1.1
[Supertonic] POST /v1/audio/speech HTTP/1.1
TTS: synthesized 14 chars -> 3.95s audio
[Supertonic] POST /v1/audio/speech HTTP/1.1
TTS: synthesized 27 chars -> 6.24s audio
[Supertonic] POST /v1/audio/speech HTTP/1.1
TTS: synthesized 21 chars -> 5.06s audio
[Supertonic] POST /v1/audio/speech HTTP/1.1
TTS: synthesized 25 chars -> 6.05s audio
[Supertonic] POST /v1/audio/speech HTTP/1.1
TTS: synthesized 17 chars -> 4.26s audio
[Supertonic] POST /v1/audio/speech HTTP/1.1
TTS: synthesized 14 chars -> 3.95s audio
[Supertonic] GET /health HTTP/1.1
